// Jest Snapshot v1, https://goo.gl/fbAQLP

exports[`<Rating /> should render correctly 1`] = `
ShallowWrapper {
  Symbol(enzyme.__root__): [Circular],
  Symbol(enzyme.__unrendered__): <Rating
    rating={3}
  />,
  Symbol(enzyme.__renderer__): Object {
    "batchedUpdates": [Function],
    "getNode": [Function],
    "render": [Function],
    "simulateError": [Function],
    "simulateEvent": [Function],
    "unmount": [Function],
  },
  Symbol(enzyme.__node__): Object {
    "instance": null,
    "key": undefined,
    "nodeType": "host",
    "props": Object {
      "children": Array [
        <span
          className="fa fa-star checked"
        />,
        <span
          className="fa fa-star checked"
        />,
        <span
          className="fa fa-star checked"
        />,
        <span
          className="fa fa-star unchecked"
        />,
        <span
          className="fa fa-star unchecked"
        />,
      ],
    },
    "ref": null,
    "rendered": Array [
      Object {
        "instance": null,
        "key": "1",
        "nodeType": "host",
        "props": Object {
          "className": "fa fa-star checked",
        },
        "ref": null,
        "rendered": null,
        "type": "span",
      },
      Object {
        "instance": null,
        "key": "2",
        "nodeType": "host",
        "props": Object {
          "className": "fa fa-star checked",
        },
        "ref": null,
        "rendered": null,
        "type": "span",
      },
      Object {
        "instance": null,
        "key": "3",
        "nodeType": "host",
        "props": Object {
          "className": "fa fa-star checked",
        },
        "ref": null,
        "rendered": null,
        "type": "span",
      },
      Object {
        "instance": null,
        "key": "4",
        "nodeType": "host",
        "props": Object {
          "className": "fa fa-star unchecked",
        },
        "ref": null,
        "rendered": null,
        "type": "span",
      },
      Object {
        "instance": null,
        "key": "5",
        "nodeType": "host",
        "props": Object {
          "className": "fa fa-star unchecked",
        },
        "ref": null,
        "rendered": null,
        "type": "span",
      },
    ],
    "type": "div",
  },
  Symbol(enzyme.__nodes__): Array [
    Object {
      "instance": null,
      "key": undefined,
      "nodeType": "host",
      "props": Object {
        "children": Array [
          <span
            className="fa fa-star checked"
          />,
          <span
            className="fa fa-star checked"
          />,
          <span
            className="fa fa-star checked"
          />,
          <span
            className="fa fa-star unchecked"
          />,
          <span
            className="fa fa-star unchecked"
          />,
        ],
      },
      "ref": null,
      "rendered": Array [
        Object {
          "instance": null,
          "key": "1",
          "nodeType": "host",
          "props": Object {
            "className": "fa fa-star checked",
          },
          "ref": null,
          "rendered": null,
          "type": "span",
        },
        Object {
          "instance": null,
          "key": "2",
          "nodeType": "host",
          "props": Object {
            "className": "fa fa-star checked",
          },
          "ref": null,
          "rendered": null,
          "type": "span",
        },
        Object {
          "instance": null,
          "key": "3",
          "nodeType": "host",
          "props": Object {
            "className": "fa fa-star checked",
          },
          "ref": null,
          "rendered": null,
          "type": "span",
        },
        Object {
          "instance": null,
          "key": "4",
          "nodeType": "host",
          "props": Object {
            "className": "fa fa-star unchecked",
          },
          "ref": null,
          "rendered": null,
          "type": "span",
        },
        Object {
          "instance": null,
          "key": "5",
          "nodeType": "host",
          "props": Object {
            "className": "fa fa-star unchecked",
          },
          "ref": null,
          "rendered": null,
          "type": "span",
        },
      ],
      "type": "div",
    },
  ],
  Symbol(enzyme.__options__): Object {
    "adapter": ReactSixteenAdapter {
      "options": Object {
        "enableComponentDidUpdateOnSetState": true,
        "lifecycles": Object {
          "componentDidUpdate": Object {
            "onSetState": true,
          },
          "getDerivedStateFromProps": true,
          "getSnapshotBeforeUpdate": true,
          "setState": Object {
            "skipsComponentDidUpdateOnNullish": true,
          },
        },
      },
    },
  },
}
`;
