// Jest Snapshot v1, https://goo.gl/fbAQLP

exports[`<Filter /> should render correctly 1`] = `
ShallowWrapper {
  Symbol(enzyme.__root__): [Circular],
  Symbol(enzyme.__unrendered__): <filter
    handleChange={[MockFunction]}
    handleSubmit={[MockFunction]}
    options={
      Array [
        Object {
          "id": 1,
          "name": "pro1",
        },
        Object {
          "id": 2,
          "name": "pro2",
        },
      ]
    }
    values={
      Object {
        "category_id": 0,
      }
    }
  />,
  Symbol(enzyme.__renderer__): Object {
    "batchedUpdates": [Function],
    "getNode": [Function],
    "render": [Function],
    "simulateError": [Function],
    "simulateEvent": [Function],
    "unmount": [Function],
  },
  Symbol(enzyme.__node__): Object {
    "instance": null,
    "key": undefined,
    "nodeType": "host",
    "props": Object {
      "children": <form>
        <p
          className="input-category-wrapper"
        >
          <label>
            Category
          </label>
          <DropDownInput
            onChange={[MockFunction]}
            values={
              Object {
                "category_id": 0,
              }
            }
          />
        </p>
        <p
          className="input-location-wrapper"
        >
          <label>
            Postcode
          </label>
          <input
            name="location"
            onChange={[MockFunction]}
            placeholder="Post Code"
            type="text"
          />
        </p>
        <p
          className="input-button-wrapper"
        >
          <button
            className="filter-button"
            onClick={[MockFunction]}
          >
            Submit
          </button>
        </p>
      </form>,
      "className": "filter-wrapper",
    },
    "ref": null,
    "rendered": Object {
      "instance": null,
      "key": undefined,
      "nodeType": "host",
      "props": Object {
        "children": Array [
          <p
            className="input-category-wrapper"
          >
            <label>
              Category
            </label>
            <DropDownInput
              onChange={[MockFunction]}
              values={
                Object {
                  "category_id": 0,
                }
              }
            />
          </p>,
          <p
            className="input-location-wrapper"
          >
            <label>
              Postcode
            </label>
            <input
              name="location"
              onChange={[MockFunction]}
              placeholder="Post Code"
              type="text"
            />
          </p>,
          <p
            className="input-button-wrapper"
          >
            <button
              className="filter-button"
              onClick={[MockFunction]}
            >
              Submit
            </button>
          </p>,
        ],
      },
      "ref": null,
      "rendered": Array [
        Object {
          "instance": null,
          "key": undefined,
          "nodeType": "host",
          "props": Object {
            "children": Array [
              <label>
                Category
              </label>,
              <DropDownInput
                onChange={[MockFunction]}
                values={
                  Object {
                    "category_id": 0,
                  }
                }
              />,
            ],
            "className": "input-category-wrapper",
          },
          "ref": null,
          "rendered": Array [
            Object {
              "instance": null,
              "key": undefined,
              "nodeType": "host",
              "props": Object {
                "children": "Category",
              },
              "ref": null,
              "rendered": "Category",
              "type": "label",
            },
            Object {
              "instance": null,
              "key": undefined,
              "nodeType": "class",
              "props": Object {
                "onChange": [MockFunction],
                "options": undefined,
                "values": Object {
                  "category_id": 0,
                },
              },
              "ref": null,
              "rendered": null,
              "type": [Function],
            },
          ],
          "type": "p",
        },
        Object {
          "instance": null,
          "key": undefined,
          "nodeType": "host",
          "props": Object {
            "children": Array [
              <label>
                Postcode
              </label>,
              <input
                name="location"
                onChange={[MockFunction]}
                placeholder="Post Code"
                type="text"
              />,
            ],
            "className": "input-location-wrapper",
          },
          "ref": null,
          "rendered": Array [
            Object {
              "instance": null,
              "key": undefined,
              "nodeType": "host",
              "props": Object {
                "children": "Postcode",
              },
              "ref": null,
              "rendered": "Postcode",
              "type": "label",
            },
            Object {
              "instance": null,
              "key": undefined,
              "nodeType": "host",
              "props": Object {
                "name": "location",
                "onChange": [MockFunction],
                "placeholder": "Post Code",
                "type": "text",
                "value": undefined,
              },
              "ref": null,
              "rendered": null,
              "type": "input",
            },
          ],
          "type": "p",
        },
        Object {
          "instance": null,
          "key": undefined,
          "nodeType": "host",
          "props": Object {
            "children": <button
              className="filter-button"
              onClick={[MockFunction]}
            >
              Submit
            </button>,
            "className": "input-button-wrapper",
          },
          "ref": null,
          "rendered": Object {
            "instance": null,
            "key": undefined,
            "nodeType": "host",
            "props": Object {
              "children": "Submit",
              "className": "filter-button",
              "onClick": [MockFunction],
            },
            "ref": null,
            "rendered": "Submit",
            "type": "button",
          },
          "type": "p",
        },
      ],
      "type": "form",
    },
    "type": "div",
  },
  Symbol(enzyme.__nodes__): Array [
    Object {
      "instance": null,
      "key": undefined,
      "nodeType": "host",
      "props": Object {
        "children": <form>
          <p
            className="input-category-wrapper"
          >
            <label>
              Category
            </label>
            <DropDownInput
              onChange={[MockFunction]}
              values={
                Object {
                  "category_id": 0,
                }
              }
            />
          </p>
          <p
            className="input-location-wrapper"
          >
            <label>
              Postcode
            </label>
            <input
              name="location"
              onChange={[MockFunction]}
              placeholder="Post Code"
              type="text"
            />
          </p>
          <p
            className="input-button-wrapper"
          >
            <button
              className="filter-button"
              onClick={[MockFunction]}
            >
              Submit
            </button>
          </p>
        </form>,
        "className": "filter-wrapper",
      },
      "ref": null,
      "rendered": Object {
        "instance": null,
        "key": undefined,
        "nodeType": "host",
        "props": Object {
          "children": Array [
            <p
              className="input-category-wrapper"
            >
              <label>
                Category
              </label>
              <DropDownInput
                onChange={[MockFunction]}
                values={
                  Object {
                    "category_id": 0,
                  }
                }
              />
            </p>,
            <p
              className="input-location-wrapper"
            >
              <label>
                Postcode
              </label>
              <input
                name="location"
                onChange={[MockFunction]}
                placeholder="Post Code"
                type="text"
              />
            </p>,
            <p
              className="input-button-wrapper"
            >
              <button
                className="filter-button"
                onClick={[MockFunction]}
              >
                Submit
              </button>
            </p>,
          ],
        },
        "ref": null,
        "rendered": Array [
          Object {
            "instance": null,
            "key": undefined,
            "nodeType": "host",
            "props": Object {
              "children": Array [
                <label>
                  Category
                </label>,
                <DropDownInput
                  onChange={[MockFunction]}
                  values={
                    Object {
                      "category_id": 0,
                    }
                  }
                />,
              ],
              "className": "input-category-wrapper",
            },
            "ref": null,
            "rendered": Array [
              Object {
                "instance": null,
                "key": undefined,
                "nodeType": "host",
                "props": Object {
                  "children": "Category",
                },
                "ref": null,
                "rendered": "Category",
                "type": "label",
              },
              Object {
                "instance": null,
                "key": undefined,
                "nodeType": "class",
                "props": Object {
                  "onChange": [MockFunction],
                  "options": undefined,
                  "values": Object {
                    "category_id": 0,
                  },
                },
                "ref": null,
                "rendered": null,
                "type": [Function],
              },
            ],
            "type": "p",
          },
          Object {
            "instance": null,
            "key": undefined,
            "nodeType": "host",
            "props": Object {
              "children": Array [
                <label>
                  Postcode
                </label>,
                <input
                  name="location"
                  onChange={[MockFunction]}
                  placeholder="Post Code"
                  type="text"
                />,
              ],
              "className": "input-location-wrapper",
            },
            "ref": null,
            "rendered": Array [
              Object {
                "instance": null,
                "key": undefined,
                "nodeType": "host",
                "props": Object {
                  "children": "Postcode",
                },
                "ref": null,
                "rendered": "Postcode",
                "type": "label",
              },
              Object {
                "instance": null,
                "key": undefined,
                "nodeType": "host",
                "props": Object {
                  "name": "location",
                  "onChange": [MockFunction],
                  "placeholder": "Post Code",
                  "type": "text",
                  "value": undefined,
                },
                "ref": null,
                "rendered": null,
                "type": "input",
              },
            ],
            "type": "p",
          },
          Object {
            "instance": null,
            "key": undefined,
            "nodeType": "host",
            "props": Object {
              "children": <button
                className="filter-button"
                onClick={[MockFunction]}
              >
                Submit
              </button>,
              "className": "input-button-wrapper",
            },
            "ref": null,
            "rendered": Object {
              "instance": null,
              "key": undefined,
              "nodeType": "host",
              "props": Object {
                "children": "Submit",
                "className": "filter-button",
                "onClick": [MockFunction],
              },
              "ref": null,
              "rendered": "Submit",
              "type": "button",
            },
            "type": "p",
          },
        ],
        "type": "form",
      },
      "type": "div",
    },
  ],
  Symbol(enzyme.__options__): Object {
    "adapter": ReactSixteenAdapter {
      "options": Object {
        "enableComponentDidUpdateOnSetState": true,
        "lifecycles": Object {
          "componentDidUpdate": Object {
            "onSetState": true,
          },
          "getDerivedStateFromProps": true,
          "getSnapshotBeforeUpdate": true,
          "setState": Object {
            "skipsComponentDidUpdateOnNullish": true,
          },
        },
      },
    },
  },
}
`;
